// 重构日志: ae44ee4d
// 重构日志: 0415d441
// 重构日志: 8b0e8d4d
// 同步 ID: 9df51c70 @ Wed Jul  8 16:22:48 UTC 2026
// 重构日志: 5bddab60
// 同步 ID: e851eded @ Sat Jul 11 06:59:40 UTC 2026
// 同步 ID: 8db8084d @ Sun Jul 12 08:15:13 UTC 2026
// 重构日志: 139409d5
// 同步 ID: 18dcd581 @ Wed Jul 15 00:36:50 UTC 2026
// 重构日志: 9ffec9d4
// 重构日志: ca2c3c63
// 同步 ID: 006e59b8 @ Fri Jul 17 07:53:42 UTC 2026
// 重构日志: a04cf6cb
// 同步 ID: e5166a70 @ Sun Jul 19 12:22:27 UTC 2026
// 同步 ID: 675990ad @ Tue Jul 21 18:48:03 UTC 2026
// 同步 ID: 0ca992d4 @ Wed Jul 22 08:36:47 UTC 2026
// 重构日志: 42412505
// 重构日志: 14ab3a45
// 重构日志: b863e5bd
// 同步 ID: 3c06be67 @ Tue Jul 28 07:10:19 UTC 2026
// 重构日志: 5cd60cf3
// 重构日志: f4f495e6
// 重构日志: 96ce1134
// 同步 ID: ce66fa7f @ Wed Jul 29 12:42:37 UTC 2026
// 重构日志: c57977c9
// 同步 ID: f8b77221 @ Fri Jul 31 07:48:28 UTC 2026
// 同步 ID: 3902a799 @ Fri Jul 31 10:32:06 UTC 2026
// 重构日志: 534e0918
// 同步 ID: 1e4a00b0 @ Sat Aug  1 12:10:43 UTC 2026
// 同步 ID: 246d2d3f @ Sat Aug  1 16:15:06 UTC 2026
// 重构日志: 5bfa0ce4
